
============================================================================
DEMO 18C START
============================================================================
{
  "combinations_sha256": "0f321c7dfe08d51061ad2300080823236533f337e9586227e250956f69229ae5",
  "git": {
    "git_branch": "main",
    "git_commit": "5a55a9195b98a1995330a6b69caf8432124bb849",
    "git_commit_short": "5a55a919",
    "git_diff_sha256": null,
    "git_dirty": false,
    "git_dirty_files": []
  },
  "machine": {
    "config_source": "C:\\Code\\optics\\nextnano\\nonlinear_photonics\\nextnano\\config\\machines\\nextnano_machine.work.yaml",
    "database": "C:\\Code\\optics\\nextnano\\2026_07_03\\nextnano++\\database\\database.nnp",
    "discovery_notes": [
      "machine configuration selected by NEXTNANO_MACHINE_CONFIG: C:\\Code\\optics\\nextnano\\nonlinear_photonics\\nextnano\\config\\machines\\nextnano_machine.work.yaml",
      "portable_root resolved from YAML: C:\\Code\\optics\\nextnano\\2026_07_03",
      "licensed execution enabled automatically from portable_root",
      "executable selected explicitly: C:\\Code\\optics\\nextnano\\2026_07_03\\nextnano++\\bin\\nextnano++_Intel_64bit.exe",
      "database selected explicitly: C:\\Code\\optics\\nextnano\\2026_07_03\\nextnano++\\database\\database.nnp",
      "license selected explicitly: License_nnp.lic"
    ],
    "executable": "C:\\Code\\optics\\nextnano\\2026_07_03\\nextnano++\\bin\\nextnano++_Intel_64bit.exe",
    "license_filename": "License_nnp.lic",
    "portable_root": "C:\\Code\\optics\\nextnano\\2026_07_03",
    "results_root": "C:\\nn_results",
    "run_solver": true,
    "threads": 1
  },
  "run_id": "demo18c_20260814T000204Z_5a55a919_dd365f"
}

============================================================================
LICENSED SOLVE 1/17: Solve_00
============================================================================
{
  "field_kV_per_cm": 0.0,
  "first_combo": "Combo_00",
  "input": "C:\\nn_results\\18C_paper_missing_parameter_ensemble\\demo18c_20260814T000204Z_5a55a919_dd365f\\inputs\\Solve_00.in"
}
{
  "demo16b_physics_checks_passed": true,
  "failure_reason": null,
  "field_gate": {
    "measured_median_kV_per_cm": 0.0,
    "passed": true,
    "requested_kV_per_cm": 0.0,
    "source": "C:\\nn_results\\18C_paper_missing_parameter_ensemble\\demo18c_20260814T000204Z_5a55a919_dd365f\\solver\\Solve_00\\case\\bias_00000\\electric_field.dat",
    "tolerance_kV_per_cm": 0.05
  },
  "passed": true,
  "quantum_output_and_completion_gate": true,
  "solver_return_code_zero": true
}

============================================================================
LICENSED SOLVE 2/17: Solve_01
============================================================================
{
  "field_kV_per_cm": 4.57899,
  "first_combo": "Combo_01",
  "input": "C:\\nn_results\\18C_paper_missing_parameter_ensemble\\demo18c_20260814T000204Z_5a55a919_dd365f\\inputs\\Solve_01.in"
}
{
  "demo16b_physics_checks_passed": true,
  "failure_reason": null,
  "field_gate": {
    "measured_median_kV_per_cm": 4.57899,
    "passed": true,
    "requested_kV_per_cm": 4.57899,
    "source": "C:\\nn_results\\18C_paper_missing_parameter_ensemble\\demo18c_20260814T000204Z_5a55a919_dd365f\\solver\\Solve_01\\case\\bias_00000\\electric_field.dat",
    "tolerance_kV_per_cm": 0.05
  },
  "passed": true,
  "quantum_output_and_completion_gate": true,
  "solver_return_code_zero": true
}

============================================================================
LICENSED SOLVE 3/17: Solve_02
============================================================================
{
  "field_kV_per_cm": 12.932406,
  "first_combo": "Combo_02",
  "input": "C:\\nn_results\\18C_paper_missing_parameter_ensemble\\demo18c_20260814T000204Z_5a55a919_dd365f\\inputs\\Solve_02.in"
}
{
  "demo16b_physics_checks_passed": true,
  "failure_reason": null,
  "field_gate": {
    "measured_median_kV_per_cm": 12.932406,
    "passed": true,
    "requested_kV_per_cm": 12.932406,
    "source": "C:\\nn_results\\18C_paper_missing_parameter_ensemble\\demo18c_20260814T000204Z_5a55a919_dd365f\\solver\\Solve_02\\case\\bias_00000\\electric_field.dat",
    "tolerance_kV_per_cm": 0.12932406000000002
  },
  "passed": true,
  "quantum_output_and_completion_gate": true,
  "solver_return_code_zero": true
}

============================================================================
LICENSED SOLVE 4/17: Solve_03
============================================================================
{
  "field_kV_per_cm": 11.496125,
  "first_combo": "Combo_03",
  "input": "C:\\nn_results\\18C_paper_missing_parameter_ensemble\\demo18c_20260814T000204Z_5a55a919_dd365f\\inputs\\Solve_03.in"
}
{
  "demo16b_physics_checks_passed": true,
  "failure_reason": null,
  "field_gate": {
    "measured_median_kV_per_cm": 11.496125,
    "passed": true,
    "requested_kV_per_cm": 11.496125,
    "source": "C:\\nn_results\\18C_paper_missing_parameter_ensemble\\demo18c_20260814T000204Z_5a55a919_dd365f\\solver\\Solve_03\\case\\bias_00000\\electric_field.dat",
    "tolerance_kV_per_cm": 0.11496125
  },
  "passed": true,
  "quantum_output_and_completion_gate": true,
  "solver_return_code_zero": true
}

============================================================================
LICENSED SOLVE 5/17: Solve_04
============================================================================
{
  "field_kV_per_cm": 8.563815,
  "first_combo": "Combo_04",
  "input": "C:\\nn_results\\18C_paper_missing_parameter_ensemble\\demo18c_20260814T000204Z_5a55a919_dd365f\\inputs\\Solve_04.in"
}
{
  "demo16b_physics_checks_passed": true,
  "failure_reason": null,
  "field_gate": {
    "measured_median_kV_per_cm": 8.563815,
    "passed": true,
    "requested_kV_per_cm": 8.563815,
    "source": "C:\\nn_results\\18C_paper_missing_parameter_ensemble\\demo18c_20260814T000204Z_5a55a919_dd365f\\solver\\Solve_04\\case\\bias_00000\\electric_field.dat",
    "tolerance_kV_per_cm": 0.08563815
  },
  "passed": true,
  "quantum_output_and_completion_gate": true,
  "solver_return_code_zero": true
}

============================================================================
LICENSED SOLVE 6/17: Solve_05
============================================================================
{
  "field_kV_per_cm": 19.653938,
  "first_combo": "Combo_05",
  "input": "C:\\nn_results\\18C_paper_missing_parameter_ensemble\\demo18c_20260814T000204Z_5a55a919_dd365f\\inputs\\Solve_05.in"
}
{
  "demo16b_physics_checks_passed": true,
  "failure_reason": null,
  "field_gate": {
    "measured_median_kV_per_cm": 19.653938,
    "passed": true,
    "requested_kV_per_cm": 19.653938,
    "source": "C:\\nn_results\\18C_paper_missing_parameter_ensemble\\demo18c_20260814T000204Z_5a55a919_dd365f\\solver\\Solve_05\\case\\bias_00000\\electric_field.dat",
    "tolerance_kV_per_cm": 0.19653938
  },
  "passed": true,
  "quantum_output_and_completion_gate": true,
  "solver_return_code_zero": true
}

============================================================================
LICENSED SOLVE 7/17: Solve_06
============================================================================
{
  "field_kV_per_cm": 16.317429,
  "first_combo": "Combo_06",
  "input": "C:\\nn_results\\18C_paper_missing_parameter_ensemble\\demo18c_20260814T000204Z_5a55a919_dd365f\\inputs\\Solve_06.in"
}
{
  "demo16b_physics_checks_passed": true,
  "failure_reason": null,
  "field_gate": {
    "measured_median_kV_per_cm": 16.317429,
    "passed": true,
    "requested_kV_per_cm": 16.317429,
    "source": "C:\\nn_results\\18C_paper_missing_parameter_ensemble\\demo18c_20260814T000204Z_5a55a919_dd365f\\solver\\Solve_06\\case\\bias_00000\\electric_field.dat",
    "tolerance_kV_per_cm": 0.16317429
  },
  "passed": true,
  "quantum_output_and_completion_gate": true,
  "solver_return_code_zero": true
}

============================================================================
LICENSED SOLVE 8/17: Solve_07
============================================================================
{
  "field_kV_per_cm": 0.582619,
  "first_combo": "Combo_07",
  "input": "C:\\nn_results\\18C_paper_missing_parameter_ensemble\\demo18c_20260814T000204Z_5a55a919_dd365f\\inputs\\Solve_07.in"
}
{
  "demo16b_physics_checks_passed": true,
  "failure_reason": null,
  "field_gate": {
    "measured_median_kV_per_cm": 0.58261899999999,
    "passed": true,
    "requested_kV_per_cm": 0.582619,
    "source": "C:\\nn_results\\18C_paper_missing_parameter_ensemble\\demo18c_20260814T000204Z_5a55a919_dd365f\\solver\\Solve_07\\case\\bias_00000\\electric_field.dat",
    "tolerance_kV_per_cm": 0.05
  },
  "passed": true,
  "quantum_output_and_completion_gate": true,
  "solver_return_code_zero": true
}

============================================================================
LICENSED SOLVE 9/17: Solve_08
============================================================================
{
  "field_kV_per_cm": -18.418271,
  "first_combo": "Combo_08",
  "input": "C:\\nn_results\\18C_paper_missing_parameter_ensemble\\demo18c_20260814T000204Z_5a55a919_dd365f\\inputs\\Solve_08.in"
}
{
  "demo16b_physics_checks_passed": true,
  "failure_reason": null,
  "field_gate": {
    "measured_median_kV_per_cm": -18.418271,
    "passed": true,
    "requested_kV_per_cm": -18.418271,
    "source": "C:\\nn_results\\18C_paper_missing_parameter_ensemble\\demo18c_20260814T000204Z_5a55a919_dd365f\\solver\\Solve_08\\case\\bias_00000\\electric_field.dat",
    "tolerance_kV_per_cm": 0.18418271
  },
  "passed": true,
  "quantum_output_and_completion_gate": true,
  "solver_return_code_zero": true
}

============================================================================
LICENSED SOLVE 10/17: Solve_09
============================================================================
{
  "field_kV_per_cm": -2.03342,
  "first_combo": "Combo_09",
  "input": "C:\\nn_results\\18C_paper_missing_parameter_ensemble\\demo18c_20260814T000204Z_5a55a919_dd365f\\inputs\\Solve_09.in"
}
{
  "demo16b_physics_checks_passed": true,
  "failure_reason": null,
  "field_gate": {
    "measured_median_kV_per_cm": -2.03342,
    "passed": true,
    "requested_kV_per_cm": -2.03342,
    "source": "C:\\nn_results\\18C_paper_missing_parameter_ensemble\\demo18c_20260814T000204Z_5a55a919_dd365f\\solver\\Solve_09\\case\\bias_00000\\electric_field.dat",
    "tolerance_kV_per_cm": 0.05
  },
  "passed": true,
  "quantum_output_and_completion_gate": true,
  "solver_return_code_zero": true
}

============================================================================
LICENSED SOLVE 11/17: Solve_10
============================================================================
{
  "field_kV_per_cm": -13.48485,
  "first_combo": "Combo_10",
  "input": "C:\\nn_results\\18C_paper_missing_parameter_ensemble\\demo18c_20260814T000204Z_5a55a919_dd365f\\inputs\\Solve_10.in"
}
{
  "demo16b_physics_checks_passed": true,
  "failure_reason": null,
  "field_gate": {
    "measured_median_kV_per_cm": -13.48485,
    "passed": true,
    "requested_kV_per_cm": -13.48485,
    "source": "C:\\nn_results\\18C_paper_missing_parameter_ensemble\\demo18c_20260814T000204Z_5a55a919_dd365f\\solver\\Solve_10\\case\\bias_00000\\electric_field.dat",
    "tolerance_kV_per_cm": 0.1348485
  },
  "passed": true,
  "quantum_output_and_completion_gate": true,
  "solver_return_code_zero": true
}

============================================================================
LICENSED SOLVE 12/17: Solve_11
============================================================================
{
  "field_kV_per_cm": -6.334734,
  "first_combo": "Combo_11",
  "input": "C:\\nn_results\\18C_paper_missing_parameter_ensemble\\demo18c_20260814T000204Z_5a55a919_dd365f\\inputs\\Solve_11.in"
}
{
  "demo16b_physics_checks_passed": true,
  "failure_reason": null,
  "field_gate": {
    "measured_median_kV_per_cm": -6.3347339999999,
    "passed": true,
    "requested_kV_per_cm": -6.334734,
    "source": "C:\\nn_results\\18C_paper_missing_parameter_ensemble\\demo18c_20260814T000204Z_5a55a919_dd365f\\solver\\Solve_11\\case\\bias_00000\\electric_field.dat",
    "tolerance_kV_per_cm": 0.06334734
  },
  "passed": true,
  "quantum_output_and_completion_gate": true,
  "solver_return_code_zero": true
}

============================================================================
LICENSED SOLVE 13/17: Solve_12
============================================================================
{
  "field_kV_per_cm": -9.518561,
  "first_combo": "Combo_12",
  "input": "C:\\nn_results\\18C_paper_missing_parameter_ensemble\\demo18c_20260814T000204Z_5a55a919_dd365f\\inputs\\Solve_12.in"
}
{
  "demo16b_physics_checks_passed": true,
  "failure_reason": null,
  "field_gate": {
    "measured_median_kV_per_cm": -9.518561,
    "passed": true,
    "requested_kV_per_cm": -9.518561,
    "source": "C:\\nn_results\\18C_paper_missing_parameter_ensemble\\demo18c_20260814T000204Z_5a55a919_dd365f\\solver\\Solve_12\\case\\bias_00000\\electric_field.dat",
    "tolerance_kV_per_cm": 0.09518561
  },
  "passed": true,
  "quantum_output_and_completion_gate": true,
  "solver_return_code_zero": true
}

============================================================================
LICENSED SOLVE 14/17: Solve_13
============================================================================
{
  "field_kV_per_cm": -9.160953,
  "first_combo": "Combo_13",
  "input": "C:\\nn_results\\18C_paper_missing_parameter_ensemble\\demo18c_20260814T000204Z_5a55a919_dd365f\\inputs\\Solve_13.in"
}
{
  "demo16b_physics_checks_passed": true,
  "failure_reason": null,
  "field_gate": {
    "measured_median_kV_per_cm": -9.1609530000001,
    "passed": true,
    "requested_kV_per_cm": -9.160953,
    "source": "C:\\nn_results\\18C_paper_missing_parameter_ensemble\\demo18c_20260814T000204Z_5a55a919_dd365f\\solver\\Solve_13\\case\\bias_00000\\electric_field.dat",
    "tolerance_kV_per_cm": 0.09160953
  },
  "passed": true,
  "quantum_output_and_completion_gate": true,
  "solver_return_code_zero": true
}

============================================================================
LICENSED SOLVE 15/17: Solve_14
============================================================================
{
  "field_kV_per_cm": 3.777444,
  "first_combo": "Combo_14",
  "input": "C:\\nn_results\\18C_paper_missing_parameter_ensemble\\demo18c_20260814T000204Z_5a55a919_dd365f\\inputs\\Solve_14.in"
}
{
  "demo16b_physics_checks_passed": true,
  "failure_reason": null,
  "field_gate": {
    "measured_median_kV_per_cm": 3.777444,
    "passed": true,
    "requested_kV_per_cm": 3.777444,
    "source": "C:\\nn_results\\18C_paper_missing_parameter_ensemble\\demo18c_20260814T000204Z_5a55a919_dd365f\\solver\\Solve_14\\case\\bias_00000\\electric_field.dat",
    "tolerance_kV_per_cm": 0.05
  },
  "passed": true,
  "quantum_output_and_completion_gate": true,
  "solver_return_code_zero": true
}

============================================================================
LICENSED SOLVE 16/17: Solve_15
============================================================================
{
  "field_kV_per_cm": -16.996749,
  "first_combo": "Combo_15",
  "input": "C:\\nn_results\\18C_paper_missing_parameter_ensemble\\demo18c_20260814T000204Z_5a55a919_dd365f\\inputs\\Solve_15.in"
}
{
  "demo16b_physics_checks_passed": true,
  "failure_reason": null,
  "field_gate": {
    "measured_median_kV_per_cm": -16.996749,
    "passed": true,
    "requested_kV_per_cm": -16.996749,
    "source": "C:\\nn_results\\18C_paper_missing_parameter_ensemble\\demo18c_20260814T000204Z_5a55a919_dd365f\\solver\\Solve_15\\case\\bias_00000\\electric_field.dat",
    "tolerance_kV_per_cm": 0.16996749000000003
  },
  "passed": true,
  "quantum_output_and_completion_gate": true,
  "solver_return_code_zero": true
}

============================================================================
LICENSED SOLVE 17/17: Solve_16
============================================================================
{
  "field_kV_per_cm": 20.0,
  "first_combo": "Combo_18",
  "input": "C:\\nn_results\\18C_paper_missing_parameter_ensemble\\demo18c_20260814T000204Z_5a55a919_dd365f\\inputs\\Solve_16.in"
}
{
  "demo16b_physics_checks_passed": true,
  "failure_reason": null,
  "field_gate": {
    "measured_median_kV_per_cm": 20.0,
    "passed": true,
    "requested_kV_per_cm": 20.0,
    "source": "C:\\nn_results\\18C_paper_missing_parameter_ensemble\\demo18c_20260814T000204Z_5a55a919_dd365f\\solver\\Solve_16\\case\\bias_00000\\electric_field.dat",
    "tolerance_kV_per_cm": 0.2
  },
  "passed": true,
  "quantum_output_and_completion_gate": true,
  "solver_return_code_zero": true
}

============================================================================
ANALYSIS: Combo_00
============================================================================
{
  "O11": 0.9816465917796985,
  "O12": 0.020461928073581215,
  "O21": -0.08551048643041244,
  "O22": 0.45081628193777923,
  "absolute_error_pm_per_V": 2255.0894617147433,
  "bound_state_pass": true,
  "broadening_meV": 5.0,
  "cancellation_factor": 131.25023997112393,
  "cb_offset_scale": 1.0,
  "chi2_1550_pm_per_V": 84.91053828525659,
  "chi_e_abs": 5594.043851176905,
  "chi_e_imag": -4772.367365883146,
  "chi_e_raw_abs": 5594.043851176905,
  "chi_e_raw_imag": -4772.367365883146,
  "chi_e_raw_real": 2918.533250443399,
  "chi_e_real": 2918.533250443399,
  "chi_hh_raw_abs": 5550.484674840328,
  "chi_hh_raw_imag": 4772.678411757451,
  "chi_hh_raw_real": -2833.6232818745902,
  "chi_hh_weighted_abs": 5550.484674840328,
  "chi_hh_weighted_imag": 4772.678411757451,
  "chi_hh_weighted_real": -2833.6232818745902,
  "chi_total_abs": 84.91053828525659,
  "chi_total_after_weight_abs": 84.91053828525659,
  "chi_total_after_weight_imag": 0.3110458743049094,
  "chi_total_after_weight_real": 84.90996856880884,
  "chi_total_imag": 0.3110458743049094,
  "chi_total_raw_unweighted_abs": 84.91053828525659,
  "chi_total_raw_unweighted_imag": 0.3110458743049094,
  "chi_total_raw_unweighted_real": 84.90996856880884,
  "chi_total_real": 84.90996856880884,
  "combo_id": "Combo_00",
  "delta_z_e_nm": 6.12521552407253,
  "delta_z_hh_nm": 0.319391472091894,
  "design_role": "baseline_demo18b_converged",
  "electron_mass_scale": 1.0,
  "electron_orthonormality_error": 2.0011770018868447e-14,
  "electrostatic_field_kV_per_cm": 0.0,
  "hh_mass_scale": 1.0,
  "hh_offset_scale": 1.0,
  "hh_orthonormality_error": 1.0766387781302456e-13,
  "hh_relative_weight": 1.0,
  "kmax_fraction_2pi_over_a": 0.1,
  "orthonormality_pass": true,
  "paper_target_pm_per_V": 2340.0,
  "peak_chi2_pm_per_V": 146.0814424756297,
  "peak_wavelength_nm": 1520.0,
  "percent_error": 96.37134451772407,
  "period_barrier_nm": 18.2,
  "physical_valid": true,
  "r_e_hh_nm": 0.751,
  "ratio_to_demo18b": 1.0000116108108756,
  "ratio_to_paper": 0.03628655482275923,
  "raw_cancellation_factor": 131.25023997112393,
  "requires_new_nextnano_solve": true,
  "selected_electron_states": [
    1,
    2
  ],
  "selected_heavy_hole_states": [
    1,
    2
  ],
  "solver_case_id": "Solve_00",
  "solver_pass": true,
  "spectral_match_flag": "SPECTRAL_MATCH",
  "spin_degeneracy": 2,
  "states_per_band": 2,
  "target_wavelength_nm": 1550.0,
  "transition_e1_hh1_eV": 1.4890044887679998,
  "transition_e1_hh2_eV": 1.5220478880709998,
  "transition_e2_hh1_eV": 1.5964786648559999,
  "transition_e2_hh2_eV": 1.6295220641589998,
  "tunneling_barrier_nm": 1.8,
  "well1_nm": 7.1,
  "well2_nm": 2.9,
  "wells_per_period_for_Nz": 2,
  "z_e11_nm": 63.61108467764518,
  "z_e12_nm": 1.0299145818605986,
  "z_e21_nm": 1.0299145818605986,
  "z_e22_nm": 69.73630020171771,
  "z_hh11_nm": 63.55102288391265,
  "z_hh12_nm": 1.4510322677788023,
  "z_hh21_nm": 1.451032267778806,
  "z_hh22_nm": 63.870414356004545
}

============================================================================
ANALYSIS: Combo_01
============================================================================
{
  "O11": 0.9814932965522505,
  "O12": 0.055272050830503835,
  "O21": -0.07974167010468358,
  "O22": 0.9306111353376917,
  "absolute_error_pm_per_V": 715.8714990734145,
  "bound_state_pass": true,
  "broadening_meV": 5.0,
  "cancellation_factor": 14.296456079327129,
  "cb_offset_scale": 1.0,
  "chi2_1550_pm_per_V": 1624.1285009265855,
  "chi_e_abs": 10798.318613475974,
  "chi_e_imag": -6433.757072361519,
  "chi_e_raw_abs": 10798.318613475974,
  "chi_e_raw_imag": -6433.757072361519,
  "chi_e_raw_real": 8672.396140166788,
  "chi_e_real": 8672.396140166788,
  "chi_hh_raw_abs": 10726.136987885557,
  "chi_hh_raw_imag": 6442.265885909535,
  "chi_hh_raw_real": -8575.967871799245,
  "chi_hh_weighted_abs": 12420.963167204365,
  "chi_hh_weighted_imag": 7460.201876276215,
  "chi_hh_weighted_real": -9931.047979254372,
  "chi_total_abs": 1624.1285009265855,
  "chi_total_after_weight_abs": 1624.1285009265855,
  "chi_total_after_weight_imag": 1026.4448039146964,
  "chi_total_after_weight_real": -1258.6518390875844,
  "chi_total_imag": 1026.4448039146964,
  "chi_total_raw_unweighted_abs": 96.8029485519825,
  "chi_total_raw_unweighted_imag": 8.508813548016406,
  "chi_total_raw_unweighted_real": 96.42826836754284,
  "chi_total_real": -1258.6518390875844,
  "combo_id": "Combo_01",
  "delta_z_e_nm": 5.969787023175428,
  "delta_z_hh_nm": 4.870998862770939,
  "design_role": "maximin_latin_hypercube",
  "electron_mass_scale": 1.0,
  "electron_orthonormality_error": 2.220446049250313e-16,
  "electrostatic_field_kV_per_cm": 4.57899,
  "hh_mass_scale": 1.0,
  "hh_offset_scale": 1.0,
  "hh_orthonormality_error": 1.582067810090848e-15,
  "hh_relative_weight": 1.158009,
  "kmax_fraction_2pi_over_a": 0.125,
  "orthonormality_pass": true,
  "paper_target_pm_per_V": 2340.0,
  "peak_chi2_pm_per_V": 2168.659129715484,
  "peak_wavelength_nm": 1520.0,
  "percent_error": 30.592799105701474,
  "period_barrier_nm": 18.174750000000003,
  "physical_valid": true,
  "r_e_hh_nm": 0.852516,
  "ratio_to_demo18b": 19.127747758695527,
  "ratio_to_paper": 0.6940720089429853,
  "raw_cancellation_factor": 222.3533055896851,
  "requires_new_nextnano_solve": true,
  "selected_electron_states": [
    1,
    2
  ],
  "selected_heavy_hole_states": [
    1,
    2
  ],
  "solver_case_id": "Solve_01",
  "solver_pass": true,
  "spectral_match_flag": "SPECTRAL_MATCH",
  "spin_degeneracy": 2,
  "states_per_band": 2,
  "target_wavelength_nm": 1550.0,
  "transition_e1_hh1_eV": 1.4878769860860002,
  "transition_e1_hh2_eV": 1.5192877345850002,
  "transition_e2_hh1_eV": 1.595778260258,
  "transition_e2_hh2_eV": 1.627189008757,
  "tunneling_barrier_nm": 1.705461,
  "well1_nm": 7.167789,
  "well2_nm": 2.952,
  "wells_per_period_for_Nz": 2,
  "z_e11_nm": 63.63869373314019,
  "z_e12_nm": 1.1092146234858742,
  "z_e21_nm": 1.1092146234858742,
  "z_e22_nm": 69.60848075631561,
  "z_hh11_nm": 63.65155833467244,
  "z_hh12_nm": 0.8358007374857435,
  "z_hh21_nm": 0.8358007374857452,
  "z_hh22_nm": 68.52255719744338
}

============================================================================
ANALYSIS: Combo_02
============================================================================
{
  "O11": 0.9806373525172918,
  "O12": 0.053092164701168024,
  "O21": -0.048692848994851615,
  "O22": 0.9356899909406565,
  "absolute_error_pm_per_V": 1118.797949904566,
  "bound_state_pass": true,
  "broadening_meV": 5.0,
  "cancellation_factor": 3.583624231876525,
  "cb_offset_scale": 1.0,
  "chi2_1550_pm_per_V": 3458.797949904566,
  "chi_e_abs": 7926.905518905504,
  "chi_e_imag": -4473.7114430529,
  "chi_e_raw_abs": 7926.905518905504,
  "chi_e_raw_imag": -4473.7114430529,
  "chi_e_raw_real": 6543.831983627947,
  "chi_e_real": 6543.831983627947,
  "chi_hh_raw_abs": 7981.234676191024,
  "chi_hh_raw_imag": 4491.653076618598,
  "chi_hh_raw_real": -6597.3600474535815,
  "chi_hh_weighted_abs": 4468.126627537345,
  "chi_hh_weighted_imag": 2514.557650230313,
  "chi_hh_weighted_real": -3693.393478005891,
  "chi_total_abs": 3458.797949904566,
  "chi_total_after_weight_abs": 3458.797949904566,
  "chi_total_after_weight_imag": -1959.153792822587,
  "chi_total_after_weight_real": 2850.438505622056,
  "chi_total_imag": -1959.153792822587,
  "chi_total_raw_unweighted_abs": 56.45490086721415,
  "chi_total_raw_unweighted_imag": 17.941633565697884,
  "chi_total_raw_unweighted_real": -53.52806382563449,
  "chi_total_real": 2850.438505622056,
  "combo_id": "Combo_02",
  "delta_z_e_nm": 5.9549063843805214,
  "delta_z_hh_nm": 6.544789569904182,
  "design_role": "maximin_latin_hypercube",
  "electron_mass_scale": 1.0,
  "electron_orthonormality_error": 1.1102230246251565e-16,
  "electrostatic_field_kV_per_cm": 12.932406,
  "hh_mass_scale": 1.0,
  "hh_offset_scale": 1.0,
  "hh_orthonormality_error": 2.220446049250313e-16,
  "hh_relative_weight": 0.559829,
  "kmax_fraction_2pi_over_a": 0.2,
  "orthonormality_pass": true,
  "paper_target_pm_per_V": 2340.0,
  "peak_chi2_pm_per_V": 4719.583978340922,
  "peak_wavelength_nm": 1517.0,
  "percent_error": 47.81187820104982,
  "period_barrier_nm": 18.127366000000002,
  "physical_valid": true,
  "r_e_hh_nm": 0.714726,
  "ratio_to_demo18b": 40.73508635328005,
  "ratio_to_paper": 1.4781187820104982,
  "raw_cancellation_factor": 281.7849283362233,
  "requires_new_nextnano_solve": true,
  "selected_electron_states": [
    1,
    2
  ],
  "selected_heavy_hole_states": [
    1,
    2
  ],
  "solver_case_id": "Solve_02",
  "solver_pass": true,
  "spectral_match_flag": "SPECTRAL_MATCH",
  "spin_degeneracy": 2,
  "states_per_band": 2,
  "target_wavelength_nm": 1550.0,
  "transition_e1_hh1_eV": 1.4875711450970002,
  "transition_e1_hh2_eV": 1.514939886505,
  "transition_e2_hh1_eV": 1.603499215681,
  "transition_e2_hh2_eV": 1.630867957089,
  "tunneling_barrier_nm": 1.774727,
  "well1_nm": 7.189786,
  "well2_nm": 2.908121,
  "wells_per_period_for_Nz": 2,
  "z_e11_nm": 63.59842147917418,
  "z_e12_nm": 1.0904682958460992,
  "z_e21_nm": 1.0904682958460992,
  "z_e22_nm": 69.5533278635547,
  "z_hh11_nm": 63.778310877613876,
  "z_hh12_nm": 0.2662949303728954,
  "z_hh21_nm": 0.26629493037289587,
  "z_hh22_nm": 70.32310044751806
}

============================================================================
ANALYSIS: Combo_03
============================================================================
{
  "O11": 0.9806505219064159,
  "O12": 0.0594945397985329,
  "O21": -0.05906922082466337,
  "O22": 0.9402949785561082,
  "absolute_error_pm_per_V": 522.7475745131567,
  "bound_state_pass": true,
  "broadening_meV": 5.0,
  "cancellation_factor": 8.780986549851567,
  "cb_offset_scale": 1.0,
  "chi2_1550_pm_per_V": 1817.2524254868433,
  "chi_e_abs": 7070.030260053264,
  "chi_e_imag": -3946.582376148996,
  "chi_e_raw_abs": 7070.030260053264,
  "chi_e_raw_imag": -3946.582376148996,
  "chi_e_raw_real": 5865.9880179164165,
  "chi_e_real": 5865.9880179164165,
  "chi_hh_raw_abs": 7111.941727843977,
  "chi_hh_raw_imag": 3960.576331477364,
  "chi_hh_raw_real": -5907.076287199081,
  "chi_hh_weighted_abs": 8887.238845831846,
  "chi_hh_weighted_imag": 4949.223316493407,
  "chi_hh_weighted_real": -7381.6124841622905,
  "chi_total_abs": 1817.2524254868433,
  "chi_total_after_weight_abs": 1817.2524254868433,
  "chi_total_after_weight_imag": 1002.6409403444109,
  "chi_total_after_weight_real": -1515.624466245874,
  "chi_total_imag": 1002.6409403444109,
  "chi_total_raw_unweighted_abs": 43.405951877330196,
  "chi_total_raw_unweighted_imag": 13.993955328367974,
  "chi_total_raw_unweighted_real": -41.08826928266444,
  "chi_total_real": -1515.624466245874,
  "combo_id": "Combo_03",
  "delta_z_e_nm": 5.989325729518555,
  "delta_z_hh_nm": 6.515562506323356,
  "design_role": "maximin_latin_hypercube",
  "electron_mass_scale": 1.0,
  "electron_orthonormality_error": 5.828670879282072e-16,
  "electrostatic_field_kV_per_cm": 11.496125,
  "hh_mass_scale": 1.0,
  "hh_offset_scale": 1.0,
  "hh_orthonormality_error": 1.0408340855860843e-17,
  "hh_relative_weight": 1.249622,
  "kmax_fraction_2pi_over_a": 0.2,
  "orthonormality_pass": true,
  "paper_target_pm_per_V": 2340.0,
  "peak_chi2_pm_per_V": 2478.601338635117,
  "peak_wavelength_nm": 1518.0,
  "percent_error": 22.339639936459687,
  "period_barrier_nm": 18.234430000000003,
  "physical_valid": true,
  "r_e_hh_nm": 0.670296,
  "ratio_to_demo18b": 21.402214165171657,
  "ratio_to_paper": 0.7766036006354031,
  "raw_cancellation_factor": 326.7287405187425,
  "requires_new_nextnano_solve": true,
  "selected_electron_states": [
    1,
    2
  ],
  "selected_heavy_hole_states": [
    1,
    2
  ],
  "solver_case_id": "Solve_03",
  "solver_pass": true,
  "spectral_match_flag": "SPECTRAL_MATCH",
  "spin_degeneracy": 2,
  "states_per_band": 2,
  "target_wavelength_nm": 1550.0,
  "transition_e1_hh1_eV": 1.488979425867,
  "transition_e1_hh2_eV": 1.516558483172,
  "transition_e2_hh1_eV": 1.602000673739,
  "transition_e2_hh2_eV": 1.6295797310440001,
  "tunneling_barrier_nm": 1.757685,
  "well1_nm": 7.086018,
  "well2_nm": 2.921867,
  "wells_per_period_for_Nz": 2,
  "z_e11_nm": 63.560404942382576,
  "z_e12_nm": 1.069367022935662,
  "z_e21_nm": 1.069367022935662,
  "z_e22_nm": 69.54973067190113,
  "z_hh11_nm": 63.699086119855046,
  "z_hh12_nm": 0.25697500925701355,
  "z_hh21_nm": 0.25697500925701355,
  "z_hh22_nm": 70.2146486261784
}

============================================================================
ANALYSIS: Combo_04
============================================================================
{
  "O11": 0.9816616164662084,
  "O12": 0.05756800695095931,
  "O21": -0.06229422910713755,
  "O22": 0.9468608373172753,
  "absolute_error_pm_per_V": 1549.4888496243796,
  "bound_state_pass": true,
  "broadening_meV": 5.0,
  "cancellation_factor": 17.59465502388397,
  "cb_offset_scale": 1.0,
  "chi2_1550_pm_per_V": 790.5111503756204,
  "chi_e_abs": 6559.146692230184,
  "chi_e_imag": -3627.31861955084,
  "chi_e_raw_abs": 6559.146692230184,
  "chi_e_raw_imag": -3627.31861955084,
  "chi_e_raw_real": 5464.884716300423,
  "chi_e_real": 5464.884716300423,
  "chi_hh_raw_abs": 6588.725344726751,
  "chi_hh_raw_imag": 3637.91574876766,
  "chi_hh_raw_real": -5493.347856554588,
  "chi_hh_weighted_abs": 7349.624291162521,
  "chi_hh_weighted_imag": 4058.040449014093,
  "chi_hh_weighted_real": -6127.747133768796,
  "chi_total_abs": 790.5111503756204,
  "chi_total_after_weight_abs": 790.5111503756204,
  "chi_total_after_weight_imag": 430.721829463253,
  "chi_total_after_weight_real": -662.8624174683728,
  "chi_total_imag": 430.721829463253,
  "chi_total_raw_unweighted_abs": 30.371853759134694,
  "chi_total_raw_unweighted_imag": 10.597129216819667,
  "chi_total_raw_unweighted_real": -28.46314025416541,
  "chi_total_real": -662.8624174683728,
  "combo_id": "Combo_04",
  "delta_z_e_nm": 6.361475943826726,
  "delta_z_hh_nm": 6.755534422183267,
  "design_role": "maximin_latin_hypercube",
  "electron_mass_scale": 1.0,
  "electron_orthonormality_error": 6.661338147750939e-15,
  "electrostatic_field_kV_per_cm": 8.563815,
  "hh_mass_scale": 1.0,
  "hh_offset_scale": 1.0,
  "hh_orthonormality_error": 1.1830814106161824e-15,
  "hh_relative_weight": 1.115485,
  "kmax_fraction_2pi_over_a": 0.175,
  "orthonormality_pass": true,
  "paper_target_pm_per_V": 2340.0,
  "peak_chi2_pm_per_V": 1064.2769246823277,
  "peak_wavelength_nm": 1522.0,
  "percent_error": 66.21747220617007,
  "period_barrier_nm": 18.006842,
  "physical_valid": true,
  "r_e_hh_nm": 0.902864,
  "ratio_to_demo18b": 9.310037891826017,
  "ratio_to_paper": 0.33782527793829936,
  "raw_cancellation_factor": 432.8965937089881,
  "requires_new_nextnano_solve": true,
  "selected_electron_states": [
    1,
    2
  ],
  "selected_heavy_hole_states": [
    1,
    2
  ],
  "solver_case_id": "Solve_04",
  "solver_pass": true,
  "spectral_match_flag": "SPECTRAL_MATCH",
  "spin_degeneracy": 2,
  "states_per_band": 2,
  "target_wavelength_nm": 1550.0,
  "transition_e1_hh1_eV": 1.4887578589630002,
  "transition_e1_hh2_eV": 1.5165470399120002,
  "transition_e2_hh1_eV": 1.5972204614489998,
  "transition_e2_hh2_eV": 1.6250096423979998,
  "tunneling_barrier_nm": 1.885031,
  "well1_nm": 7.116798,
  "well2_nm": 2.991329,
  "wells_per_period_for_Nz": 1,
  "z_e11_nm": 63.5755866354179,
  "z_e12_nm": 0.9560487462945355,
  "z_e21_nm": 0.9560487462945355,
  "z_e22_nm": 69.93706257924462,
  "z_hh11_nm": 63.67489542794322,
  "z_hh12_nm": 0.21058787310393745,
  "z_hh21_nm": 0.21058787310393745,
  "z_hh22_nm": 70.43042985012649
}

============================================================================
ANALYSIS: Combo_05
============================================================================
{
  "O11": 0.978207717486821,
  "O12": 0.04789530409709686,
  "O21": -0.03205000601355508,
  "O22": 0.9231518979673256,
  "absolute_error_pm_per_V": 1989.880123126377,
  "bound_state_pass": true,
  "broadening_meV": 5.0,
  "cancellation_factor": 27.53757397917842,
  "cb_offset_scale": 1.0,
  "chi2_1550_pm_per_V": 350.11987687362307,
  "chi_e_abs": 4645.7136441992225,
  "chi_e_imag": -2743.375483057813,
  "chi_e_raw_abs": 4645.7136441992225,
  "chi_e_raw_imag": -2743.375483057813,
  "chi_e_raw_real": 3749.206079006078,
  "chi_e_real": 3749.206079006078,
  "chi_hh_raw_abs": 4680.023951051104,
  "chi_hh_raw_imag": 2757.2332863760744,
  "chi_hh_raw_real": -3781.5722638754078,
  "chi_hh_weighted_abs": 4995.738366789012,
  "chi_hh_weighted_imag": 2943.2362438750047,
  "chi_hh_weighted_real": -4036.677128796443,
  "chi_total_abs": 350.11987687362307,
  "chi_total_after_weight_abs": 350.11987687362307,
  "chi_total_after_weight_imag": 199.86076081719148,
  "chi_total_after_weight_real": -287.47104979036476,
  "chi_total_imag": 199.86076081719148,
  "chi_total_raw_unweighted_abs": 35.20807628660261,
  "chi_total_raw_unweighted_imag": 13.857803318261176,
  "chi_total_raw_unweighted_real": -32.36618486932957,
  "chi_total_real": -287.47104979036476,
  "combo_id": "Combo_05",
  "delta_z_e_nm": 6.0567705753989145,
  "delta_z_hh_nm": 6.549508419954321,
  "design_role": "maximin_latin_hypercube",
  "electron_mass_scale": 1.0,
  "electron_orthonormality_error": 1.304512053934559e-15,
  "electrostatic_field_kV_per_cm": 19.653938,
  "hh_mass_scale": 1.0,
  "hh_offset_scale": 1.0,
  "hh_orthonormality_error": 4.440892098500626e-16,
  "hh_relative_weight": 1.06746,
  "kmax_fraction_2pi_over_a": 0.15,
  "orthonormality_pass": true,
  "paper_target_pm_per_V": 2340.0,
  "peak_chi2_pm_per_V": 491.11919031645374,
  "peak_wavelength_nm": 1515.0,
  "percent_error": 85.03761209941781,
  "period_barrier_nm": 18.240001,
  "physical_valid": true,
  "r_e_hh_nm": 0.796366,
  "ratio_to_demo18b": 4.123445088441877,
  "ratio_to_paper": 0.14962387900582183,
  "raw_cancellation_factor": 264.87495423880796,
  "requires_new_nextnano_solve": true,
  "selected_electron_states": [
    1,
    2
  ],
  "selected_heavy_hole_states": [
    1,
    2
  ],
  "solver_case_id": "Solve_05",
  "solver_pass": true,
  "spectral_match_flag": "SPECTRAL_MATCH",
  "spin_degeneracy": 1,
  "states_per_band": 2,
  "target_wavelength_nm": 1550.0,
  "transition_e1_hh1_eV": 1.489792202311,
  "transition_e1_hh2_eV": 1.512848500902,
  "transition_e2_hh1_eV": 1.6101002588659998,
  "transition_e2_hh2_eV": 1.633156557457,
  "tunneling_barrier_nm": 1.870783,
  "well1_nm": 7.021582,
  "well2_nm": 2.867634,
  "wells_per_period_for_Nz": 2,
  "z_e11_nm": 63.48306514808078,
  "z_e12_nm": 1.012388508826362,
  "z_e21_nm": 1.012388508826361,
  "z_e22_nm": 69.5398357234797,
  "z_hh11_nm": 63.76489795646468,
  "z_hh12_nm": 0.16844844916437762,
  "z_hh21_nm": 0.1684484491643774,
  "z_hh22_nm": 70.314406376419
}

============================================================================
ANALYSIS: Combo_06
============================================================================
{
  "O11": 0.9795762902517451,
  "O12": 0.048252260068729444,
  "O21": -0.03640482050185086,
  "O22": 0.9249013559965437,
  "absolute_error_pm_per_V": 868.2358543732989,
  "bound_state_pass": true,
  "broadening_meV": 5.0,
  "cancellation_factor": 5.053119235416355,
  "cb_offset_scale": 1.0,
  "chi2_1550_pm_per_V": 3208.235854373299,
  "chi_e_abs": 9709.890276321685,
  "chi_e_imag": -5994.392751146631,
  "chi_e_raw_abs": 9709.890276321685,
  "chi_e_raw_imag": -5994.392751146631,
  "chi_e_raw_real": 7638.6664230876795,
  "chi_e_real": 7638.6664230876795,
  "chi_hh_raw_abs": 9783.00676379562,
  "chi_hh_raw_imag": 6021.549981025597,
  "chi_hh_raw_real": -7710.263106177472,
  "chi_hh_weighted_abs": 6501.708031164459,
  "chi_hh_weighted_imag": 4001.8739449897635,
  "chi_hh_weighted_real": -5124.179178260698,
  "chi_total_abs": 3208.235854373299,
  "chi_total_after_weight_abs": 3208.235854373299,
  "chi_total_after_weight_imag": -1992.5188061568674,
  "chi_total_after_weight_real": 2514.4872448269816,
  "chi_total_imag": -1992.5188061568674,
  "chi_total_raw_unweighted_abs": 76.57414814517472,
  "chi_total_raw_unweighted_imag": 27.157229878966064,
  "chi_total_raw_unweighted_real": -71.59668308979235,
  "chi_total_real": 2514.4872448269816,
  "combo_id": "Combo_06",
  "delta_z_e_nm": 5.88649929108535,
  "delta_z_hh_nm": 6.522229886909116,
  "design_role": "maximin_latin_hypercube",
  "electron_mass_scale": 1.0,
  "electron_orthonormality_error": 1.942890293094024e-15,
  "electrostatic_field_kV_per_cm": 16.317429,
  "hh_mass_scale": 1.0,
  "hh_offset_scale": 1.0,
  "hh_orthonormality_error": 2.220446049250313e-16,
  "hh_relative_weight": 0.664592,
  "kmax_fraction_2pi_over_a": 0.125,
  "orthonormality_pass": true,
  "paper_target_pm_per_V": 2340.0,
  "peak_chi2_pm_per_V": 4531.228180696738,
  "peak_wavelength_nm": 1511.0,
  "percent_error": 37.10409634073927,
  "period_barrier_nm": 18.234871,
  "physical_valid": true,
  "r_e_hh_nm": 0.832779,
  "ratio_to_demo18b": 37.78415694192008,
  "ratio_to_paper": 1.3710409634073928,
  "raw_cancellation_factor": 254.56237532229918,
  "requires_new_nextnano_solve": true,
  "selected_electron_states": [
    1,
    2
  ],
  "selected_heavy_hole_states": [
    1,
    2
  ],
  "solver_case_id": "Solve_06",
  "solver_pass": true,
  "spectral_match_flag": "SPECTRAL_MATCH",
  "spin_degeneracy": 2,
  "states_per_band": 2,
  "target_wavelength_nm": 1550.0,
  "transition_e1_hh1_eV": 1.4886309685329997,
  "transition_e1_hh2_eV": 1.515451152568,
  "transition_e2_hh1_eV": 1.6100484268799997,
  "transition_e2_hh2_eV": 1.636868610915,
  "tunneling_barrier_nm": 1.820115,
  "well1_nm": 7.121634,
  "well2_nm": 2.82338,
  "wells_per_period_for_Nz": 2,
  "z_e11_nm": 63.53953740561841,
  "z_e12_nm": 1.0772120391696696,
  "z_e21_nm": 1.0772120391696696,
  "z_e22_nm": 69.42603669670376,
  "z_hh11_nm": 63.776044600108236,
  "z_hh12_nm": 0.22397282469375157,
  "z_hh21_nm": 0.2239728246937518,
  "z_hh22_nm": 70.29827448701735
}

============================================================================
ANALYSIS: Combo_07
============================================================================
{
  "O11": 0.9811749468945188,
  "O12": -0.024829050852895662,
  "O21": -0.08839510325032554,
  "O22": -0.5222717476888379,
  "absolute_error_pm_per_V": 385.5258719989597,
  "bound_state_pass": true,
  "broadening_meV": 5.0,
  "cancellation_factor": 5.1760067940724515,
  "cb_offset_scale": 1.0,
  "chi2_1550_pm_per_V": 1954.4741280010403,
  "chi_e_abs": 6034.696810834544,
  "chi_e_imag": -4995.588627609169,
  "chi_e_raw_abs": 6034.696810834544,
  "chi_e_raw_imag": -4995.588627609169,
  "chi_e_raw_real": 3385.5073271813417,
  "chi_e_real": 3385.5073271813417,
  "chi_hh_raw_abs": 5974.522899583815,
  "chi_hh_raw_imag": 4996.07220112234,
  "chi_hh_raw_real": -3276.30682916359,
  "chi_hh_weighted_abs": 4081.674554537671,
  "chi_hh_weighted_imag": 3413.21660636276,
  "chi_hh_weighted_real": -2238.3072995479815,
  "chi_total_abs": 1954.4741280010403,
  "chi_total_after_weight_abs": 1954.4741280010403,
  "chi_total_after_weight_imag": -1582.3720212464086,
  "chi_total_after_weight_real": 1147.2000276333602,
  "chi_total_imag": -1582.3720212464086,
  "chi_total_raw_unweighted_abs": 109.20156871889537,
  "chi_total_raw_unweighted_imag": 0.4835735131709953,
  "chi_total_raw_unweighted_real": 109.20049801775167,
  "chi_total_real": 1147.2000276333602,
  "combo_id": "Combo_07",
  "delta_z_e_nm": 5.996474448339576,
  "delta_z_hh_nm": 0.5648942811642073,
  "design_role": "maximin_latin_hypercube",
  "electron_mass_scale": 1.0,
  "electron_orthonormality_error": 1.4988010832439613e-15,
  "electrostatic_field_kV_per_cm": 0.582619,
  "hh_mass_scale": 1.0,
  "hh_offset_scale": 1.0,
  "hh_orthonormality_error": 5.856426454897701e-15,
  "hh_relative_weight": 0.68318,
  "kmax_fraction_2pi_over_a": 0.1,
  "orthonormality_pass": true,
  "paper_target_pm_per_V": 2340.0,
  "peak_chi2_pm_per_V": 2855.8852704541723,
  "peak_wavelength_nm": 1662.0,
  "percent_error": 16.475464615340158,
  "period_barrier_nm": 18.341331,
  "physical_valid": true,
  "r_e_hh_nm": 0.767897,
  "ratio_to_demo18b": 23.018306802677166,
  "ratio_to_paper": 0.8352453538465984,
  "raw_cancellation_factor": 109.9729596498038,
  "requires_new_nextnano_solve": true,
  "selected_electron_states": [
    1,
    2
  ],
  "selected_heavy_hole_states": [
    1,
    2
  ],
  "solver_case_id": "Solve_07",
  "solver_pass": true,
  "spectral_match_flag": "AMPLITUDE_MATCH_BUT_SPECTRAL_MISMATCH",
  "spin_degeneracy": 2,
  "states_per_band": 2,
  "target_wavelength_nm": 1550.0,
  "transition_e1_hh1_eV": 1.489922377761,
  "transition_e1_hh2_eV": 1.523459693633,
  "transition_e2_hh1_eV": 1.59815146839,
  "transition_e2_hh2_eV": 1.631688784262,
  "tunneling_barrier_nm": 1.740274,
  "well1_nm": 7.034685,
  "well2_nm": 2.88371,
  "wells_per_period_for_Nz": 2,
  "z_e11_nm": 63.580051820515244,
  "z_e12_nm": 1.0602290629072186,
  "z_e21_nm": 1.0602290629072186,
  "z_e22_nm": 69.57652626885482,
  "z_hh11_nm": 63.52375535027884,
  "z_hh12_nm": -1.4157079232023202,
  "z_hh21_nm": -1.4157079232023229,
  "z_hh22_nm": 64.08864963144305
}

============================================================================
ANALYSIS: Combo_08
============================================================================
{
  "O11": 0.975134172297676,
  "O12": 0.09996696269713412,
  "O21": -0.12387956844144254,
  "O22": 0.24860156409511627,
  "absolute_error_pm_per_V": 365.79553848770524,
  "bound_state_pass": true,
  "broadening_meV": 5.0,
  "cancellation_factor": 7.435992682037604,
  "cb_offset_scale": 1.0,
  "chi2_1550_pm_per_V": 1974.2044615122948,
  "chi_e_abs": 8326.975209836588,
  "chi_e_imag": -7498.7352248043335,
  "chi_e_raw_abs": 8326.975209836588,
  "chi_e_raw_imag": -7498.7352248043335,
  "chi_e_raw_real": 3620.426241965409,
  "chi_e_real": 3620.426241965409,
  "chi_hh_raw_abs": 8300.663090441954,
  "chi_hh_raw_imag": 7495.2221327439065,
  "chi_hh_raw_real": -3566.8828018104637,
  "chi_hh_weighted_abs": 6353.194718814824,
  "chi_hh_weighted_imag": 5736.723096848062,
  "chi_hh_weighted_real": -2730.0350263808996,
  "chi_total_abs": 1974.2044615122948,
  "chi_total_after_weight_abs": 1974.2044615122948,
  "chi_total_after_weight_imag": -1762.0121279562718,
  "chi_total_after_weight_real": 890.3912155845096,
  "chi_total_imag": -1762.0121279562718,
  "chi_total_raw_unweighted_abs": 53.65856687847029,
  "chi_total_raw_unweighted_imag": -3.5130920604269704,
  "chi_total_raw_unweighted_real": 53.54344015494553,
  "chi_total_real": 890.3912155845096,
  "combo_id": "Combo_08",
  "delta_z_e_nm": 6.120151131208303,
  "delta_z_hh_nm": 0.31392751629047666,
  "design_role": "maximin_latin_hypercube",
  "electron_mass_scale": 1.0,
  "electron_orthonormality_error": 2.7755575615628914e-16,
  "electrostatic_field_kV_per_cm": -18.418271,
  "hh_mass_scale": 1.0,
  "hh_offset_scale": 1.0,
  "hh_orthonormality_error": 3.094746681142624e-15,
  "hh_relative_weight": 0.765384,
  "kmax_fraction_2pi_over_a": 0.1,
  "orthonormality_pass": true,
  "paper_target_pm_per_V": 2340.0,
  "peak_chi2_pm_per_V": 2981.2876426283,
  "peak_wavelength_nm": 1664.0,
  "percent_error": 15.632287969560055,
  "period_barrier_nm": 18.240342,
  "physical_valid": true,
  "r_e_hh_nm": 0.941406,
  "ratio_to_demo18b": 23.25067563456633,
  "ratio_to_paper": 0.8436771203043995,
  "raw_cancellation_factor": 309.87853883496354,
  "requires_new_nextnano_solve": true,
  "selected_electron_states": [
    1,
    2
  ],
  "selected_heavy_hole_states": [
    1,
    2
  ],
  "solver_case_id": "Solve_08",
  "solver_pass": true,
  "spectral_match_flag": "AMPLITUDE_MATCH_BUT_SPECTRAL_MISMATCH",
  "spin_degeneracy": 2,
  "states_per_band": 2,
  "target_wavelength_nm": 1550.0,
  "transition_e1_hh1_eV": 1.488521304766,
  "transition_e1_hh2_eV": 1.521913979873,
  "transition_e2_hh1_eV": 1.587236439103,
  "transition_e2_hh2_eV": 1.62062911421,
  "tunneling_barrier_nm": 1.805476,
  "well1_nm": 7.096001,
  "well2_nm": 2.858181,
  "wells_per_period_for_Nz": 2,
  "z_e11_nm": 63.70269791711475,
  "z_e12_nm": 1.048280195817508,
  "z_e21_nm": 1.048280195817508,
  "z_e22_nm": 69.82284904832305,
  "z_hh11_nm": 63.31297078056426,
  "z_hh12_nm": 1.4654715800694627,
  "z_hh21_nm": 1.4654715800694627,
  "z_hh22_nm": 63.62689829685473
}

============================================================================
ANALYSIS: Combo_09
============================================================================
{
  "O11": 0.9816226760729104,
  "O12": 0.02218408807932626,
  "O21": -0.0893633876523392,
  "O22": 0.3769994563023271,
  "absolute_error_pm_per_V": 620.4715125042796,
  "bound_state_pass": true,
  "broadening_meV": 5.0,
  "cancellation_factor": 6.320614188577356,
  "cb_offset_scale": 1.0,
  "chi2_1550_pm_per_V": 1719.5284874957204,
  "chi_e_abs": 4574.84026677435,
  "chi_e_imag": -3898.4709148144148,
  "chi_e_raw_abs": 4574.84026677435,
  "chi_e_raw_imag": -3898.4709148144148,
  "chi_e_raw_real": 2393.9690876964273,
  "chi_e_real": 2393.9690876964273,
  "chi_hh_raw_abs": 4549.900262898861,
  "chi_hh_raw_imag": 3899.3219119101564,
  "chi_hh_raw_real": -2344.5428188933656,
  "chi_hh_weighted_abs": 6293.635888954061,
  "chi_hh_weighted_imag": 5393.725336683988,
  "chi_hh_weighted_real": -3243.081820605791,
  "chi_total_abs": 1719.5284874957204,
  "chi_total_after_weight_abs": 1719.5284874957204,
  "chi_total_after_weight_imag": 1495.254421869573,
  "chi_total_after_weight_real": -849.1127329093638,
  "chi_total_imag": 1495.254421869573,
  "chi_total_raw_unweighted_abs": 49.43359428414519,
  "chi_total_raw_unweighted_imag": 0.8509970957416044,
  "chi_total_raw_unweighted_real": 49.4262688030617,
  "chi_total_real": -849.1127329093638,
  "combo_id": "Combo_09",
  "delta_z_e_nm": 5.918592301857345,
  "delta_z_hh_nm": 0.09734489388812761,
  "design_role": "maximin_latin_hypercube",
  "electron_mass_scale": 1.0,
  "electron_orthonormality_error": 5.273559366969494e-16,
  "electrostatic_field_kV_per_cm": -2.03342,
  "hh_mass_scale": 1.0,
  "hh_offset_scale": 1.0,
  "hh_orthonormality_error": 2.914335439641036e-15,
  "hh_relative_weight": 1.383247,
  "kmax_fraction_2pi_over_a": 0.125,
  "orthonormality_pass": true,
  "paper_target_pm_per_V": 2340.0,
  "peak_chi2_pm_per_V": 2640.797725594992,
  "peak_wavelength_nm": 1664.0,
  "percent_error": 26.515876602746996,
  "period_barrier_nm": 18.280661000000002,
  "physical_valid": true,
  "r_e_hh_nm": 0.962101,
  "ratio_to_demo18b": 20.251296097534656,
  "ratio_to_paper": 0.7348412339725301,
  "raw_cancellation_factor": 184.58581986217789,
  "requires_new_nextnano_solve": true,
  "selected_electron_states": [
    1,
    2
  ],
  "selected_heavy_hole_states": [
    1,
    2
  ],
  "solver_case_id": "Solve_09",
  "solver_pass": true,
  "spectral_match_flag": "AMPLITUDE_MATCH_BUT_SPECTRAL_MISMATCH",
  "spin_degeneracy": 2,
  "states_per_band": 2,
  "target_wavelength_nm": 1550.0,
  "transition_e1_hh1_eV": 1.4883446639570002,
  "transition_e1_hh2_eV": 1.5210943816840001,
  "transition_e2_hh1_eV": 1.599989328779,
  "transition_e2_hh2_eV": 1.6327390465059999,
  "tunneling_barrier_nm": 1.781699,
  "well1_nm": 7.136079,
  "well2_nm": 2.801561,
  "wells_per_period_for_Nz": 1,
  "z_e11_nm": 63.642814719437794,
  "z_e12_nm": 1.090660935717045,
  "z_e21_nm": 1.090660935717045,
  "z_e22_nm": 69.56140702129514,
  "z_hh11_nm": 63.54700291139158,
  "z_hh12_nm": 1.4803574953318686,
  "z_hh21_nm": 1.4803574953318712,
  "z_hh22_nm": 63.64434780527971
}

============================================================================
ANALYSIS: Combo_10
============================================================================
{
  "O11": 0.9780773791789562,
  "O12": 0.07751526301865663,
  "O21": -0.11036709744130155,
  "O22": 0.2449799094989043,
  "absolute_error_pm_per_V": 1340.1309969083459,
  "bound_state_pass": true,
  "broadening_meV": 5.0,
  "cancellation_factor": 8.694654488813628,
  "cb_offset_scale": 1.0,
  "chi2_1550_pm_per_V": 999.8690030916541,
  "chi_e_abs": 4846.535631454014,
  "chi_e_imag": -4150.084952749169,
  "chi_e_raw_abs": 4846.535631454014,
  "chi_e_raw_imag": -4150.084952749169,
  "chi_e_raw_real": 2503.1385323066497,
  "chi_e_real": 2503.1385323066497,
  "chi_hh_raw_abs": 4827.47355605137,
  "chi_hh_raw_imag": 4148.143688557947,
  "chi_hh_raw_real": -2469.29238314383,
  "chi_hh_weighted_abs": 3846.9798845024447,
  "chi_hh_weighted_imag": 3305.626668406008,
  "chi_hh_weighted_real": -1967.761815080636,
  "chi_total_abs": 999.8690030916541,
  "chi_total_after_weight_abs": 999.8690030916541,
  "chi_total_after_weight_imag": -844.4582843431613,
  "chi_total_after_weight_real": 535.3767172260136,
  "chi_total_imag": -844.4582843431613,
  "chi_total_raw_unweighted_abs": 33.90177458204733,
  "chi_total_raw_unweighted_imag": -1.941264191222217,
  "chi_total_raw_unweighted_real": 33.84614916281953,
  "chi_total_real": 535.3767172260136,
  "combo_id": "Combo_10",
  "delta_z_e_nm": 6.355004115536758,
  "delta_z_hh_nm": 0.24793709289733812,
  "design_role": "maximin_latin_hypercube",
  "electron_mass_scale": 1.0,
  "electron_orthonormality_error": 8.1601392309949e-15,
  "electrostatic_field_kV_per_cm": -13.48485,
  "hh_mass_scale": 1.0,
  "hh_offset_scale": 1.0,
  "hh_orthonormality_error": 1.2476131239225197e-14,
  "hh_relative_weight": 0.796893,
  "kmax_fraction_2pi_over_a": 0.175,
  "orthonormality_pass": true,
  "paper_target_pm_per_V": 2340.0,
  "peak_chi2_pm_per_V": 1523.8743579704296,
  "peak_wavelength_nm": 1665.0,
  "percent_error": 57.270555423433585,
  "period_barrier_nm": 17.997539000000003,
  "physical_valid": true,
  "r_e_hh_nm": 0.989704,
  "ratio_to_demo18b": 11.77569513247525,
  "ratio_to_paper": 0.42729444576566417,
  "raw_cancellation_factor": 285.3540649942334,
  "requires_new_nextnano_solve": true,
  "selected_electron_states": [
    1,
    2
  ],
  "selected_heavy_hole_states": [
    1,
    2
  ],
  "solver_case_id": "Solve_10",
  "solver_pass": true,
  "spectral_match_flag": "SPECTRAL_MISMATCH",
  "spin_degeneracy": 1,
  "states_per_band": 2,
  "target_wavelength_nm": 1550.0,
  "transition_e1_hh1_eV": 1.487764082231,
  "transition_e1_hh2_eV": 1.52046921196,
  "transition_e2_hh1_eV": 1.583720499054,
  "transition_e2_hh2_eV": 1.616425628783,
  "tunneling_barrier_nm": 1.850312,
  "well1_nm": 7.175821,
  "well2_nm": 2.976328,
  "wells_per_period_for_Nz": 2,
  "z_e11_nm": 63.71219073016144,
  "z_e12_nm": 0.9937361965023133,
  "z_e21_nm": 0.9937361965023133,
  "z_e22_nm": 70.0671948456982,
  "z_hh11_nm": 63.40605300116931,
  "z_hh12_nm": 1.4819119359324757,
  "z_hh21_nm": 1.4819119359324704,
  "z_hh22_nm": 63.65399009406665
}

============================================================================
ANALYSIS: Combo_11
============================================================================
{
  "O11": 0.9800771387155581,
  "O12": 0.04333264410282123,
  "O21": -0.10348060840000602,
  "O22": 0.33841454014798245,
  "absolute_error_pm_per_V": 1787.515809492824,
  "bound_state_pass": true,
  "broadening_meV": 5.0,
  "cancellation_factor": 19.727816719968168,
  "cb_offset_scale": 1.0,
  "chi2_1550_pm_per_V": 552.484190507176,
  "chi_e_abs": 5725.019192902996,
  "chi_e_imag": -4738.217284125322,
  "chi_e_raw_abs": 5725.019192902996,
  "chi_e_raw_imag": -4738.217284125322,
  "chi_e_raw_real": 3213.2758561200017,
  "chi_e_real": 3213.2758561200017,
  "chi_hh_raw_abs": 5694.672528422309,
  "chi_hh_raw_imag": 4738.770216377045,
  "chi_hh_raw_real": -3158.0614373925027,
  "chi_hh_weighted_abs": 5174.28765810255,
  "chi_hh_weighted_imag": 4305.736655234294,
  "chi_hh_weighted_real": -2869.4746251821384,
  "chi_total_abs": 552.484190507176,
  "chi_total_after_weight_abs": 552.484190507176,
  "chi_total_after_weight_imag": -432.4806288910286,
  "chi_total_after_weight_real": 343.80123093786324,
  "chi_total_imag": -432.4806288910286,
  "chi_total_raw_unweighted_abs": 55.21718726529429,
  "chi_total_raw_unweighted_imag": 0.5529322517222681,
  "chi_total_raw_unweighted_real": 55.21441872749892,
  "chi_total_real": 343.80123093786324,
  "combo_id": "Combo_11",
  "delta_z_e_nm": 5.946013366713039,
  "delta_z_hh_nm": 0.15311221875356296,
  "design_role": "maximin_latin_hypercube",
  "electron_mass_scale": 1.0,
  "electron_orthonormality_error": 2.0539125955565396e-15,
  "electrostatic_field_kV_per_cm": -6.334734,
  "hh_mass_scale": 1.0,
  "hh_offset_scale": 1.0,
  "hh_orthonormality_error": 4.385380947269368e-15,
  "hh_relative_weight": 0.908619,
  "kmax_fraction_2pi_over_a": 0.2,
  "orthonormality_pass": true,
  "paper_target_pm_per_V": 2340.0,
  "peak_chi2_pm_per_V": 824.3841539947477,
  "peak_wavelength_nm": 1663.0,
  "percent_error": 76.38956450824034,
  "period_barrier_nm": 18.378194,
  "physical_valid": true,
  "r_e_hh_nm": 0.749842,
  "ratio_to_demo18b": 6.506737755454263,
  "ratio_to_paper": 0.23610435491759657,
  "raw_cancellation_factor": 206.8140788566196,
  "requires_new_nextnano_solve": true,
  "selected_electron_states": [
    1,
    2
  ],
  "selected_heavy_hole_states": [
    1,
    2
  ],
  "solver_case_id": "Solve_11",
  "solver_pass": true,
  "spectral_match_flag": "SPECTRAL_MISMATCH",
  "spin_degeneracy": 2,
  "states_per_band": 2,
  "target_wavelength_nm": 1550.0,
  "transition_e1_hh1_eV": 1.489601629666,
  "transition_e1_hh2_eV": 1.523177046002,
  "transition_e2_hh1_eV": 1.596549588585,
  "transition_e2_hh2_eV": 1.630125004921,
  "tunneling_barrier_nm": 1.729391,
  "well1_nm": 7.056995,
  "well2_nm": 2.83542,
  "wells_per_period_for_Nz": 2,
  "z_e11_nm": 63.61992923903977,
  "z_e12_nm": 1.0784107661920181,
  "z_e21_nm": 1.0784107661920181,
  "z_e22_nm": 69.56594260575281,
  "z_hh11_nm": 63.4440656824387,
  "z_hh12_nm": 1.4625680138424757,
  "z_hh21_nm": 1.4625680138424757,
  "z_hh22_nm": 63.59717790119226
}

============================================================================
ANALYSIS: Combo_12
============================================================================
{
  "O11": 0.9791003653177236,
  "O12": 0.05817660778726334,
  "O21": -0.10657817987707724,
  "O22": 0.2827561913811021,
  "absolute_error_pm_per_V": 951.0826604737331,
  "bound_state_pass": true,
  "broadening_meV": 5.0,
  "cancellation_factor": 5.576845276641584,
  "cb_offset_scale": 1.0,
  "chi2_1550_pm_per_V": 3291.082660473733,
  "chi_e_abs": 7531.682139737274,
  "chi_e_imag": -6441.537164084048,
  "chi_e_raw_abs": 7531.682139737274,
  "chi_e_raw_imag": -6441.537164084048,
  "chi_e_raw_real": 3902.9264427813005,
  "chi_e_real": 3902.9264427813005,
  "chi_hh_raw_abs": 7498.850904297794,
  "chi_hh_raw_imag": 6440.084785585754,
  "chi_hh_raw_real": -3841.623724332555,
  "chi_hh_weighted_abs": 10822.17665036268,
  "chi_hh_weighted_imag": 9294.188680692077,
  "chi_hh_weighted_real": -5544.146843234808,
  "chi_total_abs": 3291.082660473733,
  "chi_total_after_weight_abs": 3291.082660473733,
  "chi_total_after_weight_imag": 2852.65151660803,
  "chi_total_after_weight_real": -1641.2204004535079,
  "chi_total_imag": 2852.65151660803,
  "chi_total_raw_unweighted_abs": 61.319920845582224,
  "chi_total_raw_unweighted_imag": -1.4523784982939105,
  "chi_total_raw_unweighted_real": 61.30271844874551,
  "chi_total_real": -1641.2204004535079,
  "combo_id": "Combo_12",
  "delta_z_e_nm": 6.270360111338313,
  "delta_z_hh_nm": 0.20444726967533455,
  "design_role": "maximin_latin_hypercube",
  "electron_mass_scale": 1.0,
  "electron_orthonormality_error": 2.220446049250313e-16,
  "electrostatic_field_kV_per_cm": -9.518561,
  "hh_mass_scale": 1.0,
  "hh_offset_scale": 1.0,
  "hh_orthonormality_error": 1.124100812432971e-15,
  "hh_relative_weight": 1.443178,
  "kmax_fraction_2pi_over_a": 0.15,
  "orthonormality_pass": true,
  "paper_target_pm_per_V": 2340.0,
  "peak_chi2_pm_per_V": 5034.340180817856,
  "peak_wavelength_nm": 1662.0,
  "percent_error": 40.644558139903125,
  "period_barrier_nm": 18.184453,
  "physical_valid": true,
  "r_e_hh_nm": 0.873306,
  "ratio_to_demo18b": 38.759863487799045,
  "ratio_to_paper": 1.4064455813990313,
  "raw_cancellation_factor": 245.1166413258333,
  "requires_new_nextnano_solve": true,
  "selected_electron_states": [
    1,
    2
  ],
  "selected_heavy_hole_states": [
    1,
    2
  ],
  "solver_case_id": "Solve_12",
  "solver_pass": true,
  "spectral_match_flag": "AMPLITUDE_MATCH_BUT_SPECTRAL_MISMATCH",
  "spin_degeneracy": 2,
  "states_per_band": 2,
  "target_wavelength_nm": 1550.0,
  "transition_e1_hh1_eV": 1.4899985931220001,
  "transition_e1_hh2_eV": 1.523859318565,
  "transition_e2_hh1_eV": 1.5872753789830003,
  "transition_e2_hh2_eV": 1.6211361044260002,
  "tunneling_barrier_nm": 1.840218,
  "well1_nm": 7.00962,
  "well2_nm": 2.965709,
  "wells_per_period_for_Nz": 2,
  "z_e11_nm": 63.61808074128712,
  "z_e12_nm": 0.9926909958448302,
  "z_e21_nm": 0.9926909958448284,
  "z_e22_nm": 69.88844085262544,
  "z_hh11_nm": 63.39058496525897,
  "z_hh12_nm": 1.4553460488302985,
  "z_hh21_nm": 1.4553460488302985,
  "z_hh22_nm": 63.5950322349343
}

============================================================================
ANALYSIS: Combo_13
============================================================================
{
  "O11": 0.979855226210531,
  "O12": 0.05497789911873742,
  "O21": -0.10050190757073017,
  "O22": 0.26885475316569507,
  "absolute_error_pm_per_V": 2002.9532867698492,
  "bound_state_pass": true,
  "broadening_meV": 5.0,
  "cancellation_factor": 26.040386541787132,
  "cb_offset_scale": 1.0,
  "chi2_1550_pm_per_V": 337.0467132301508,
  "chi_e_abs": 4556.363170510413,
  "chi_e_imag": -4089.7120585072435,
  "chi_e_raw_abs": 4556.363170510413,
  "chi_e_raw_imag": -4089.7120585072435,
  "chi_e_raw_real": 2008.656421612253,
  "chi_e_real": 2008.656421612253,
  "chi_hh_raw_abs": 4541.502323919459,
  "chi_hh_raw_imag": 4088.9761045503146,
  "chi_hh_raw_real": -1976.2382889171993,
  "chi_hh_weighted_abs": 4220.463524641592,
  "chi_hh_weighted_imag": 3799.9263837196527,
  "chi_hh_weighted_real": -1836.5380042736424,
  "chi_total_abs": 337.0467132301508,
  "chi_total_after_weight_abs": 337.0467132301508,
  "chi_total_after_weight_imag": -289.7856747875908,
  "chi_total_after_weight_real": 172.1184173386107,
  "chi_total_imag": -289.7856747875908,
  "chi_total_raw_unweighted_abs": 32.42648540407728,
  "chi_total_raw_unweighted_imag": -0.7359539569288245,
  "chi_total_raw_unweighted_real": 32.41813269505383,
  "chi_total_real": 172.1184173386107,
  "combo_id": "Combo_13",
  "delta_z_e_nm": 6.349732302689681,
  "delta_z_hh_nm": 0.18447582813229246,
  "design_role": "maximin_latin_hypercube",
  "electron_mass_scale": 1.0,
  "electron_orthonormality_error": 2.0816681711721685e-15,
  "electrostatic_field_kV_per_cm": -9.160953,
  "hh_mass_scale": 1.0,
  "hh_offset_scale": 1.0,
  "hh_orthonormality_error": 3.816391647148976e-15,
  "hh_relative_weight": 0.92931,
  "kmax_fraction_2pi_over_a": 0.1,
  "orthonormality_pass": true,
  "paper_target_pm_per_V": 2340.0,
  "peak_chi2_pm_per_V": 505.4756024337155,
  "peak_wavelength_nm": 1663.0,
  "percent_error": 85.59629430640382,
  "period_barrier_nm": 18.099824,
  "physical_valid": true,
  "r_e_hh_nm": 0.696202,
  "ratio_to_demo18b": 3.9694793299210303,
  "ratio_to_paper": 0.14403705693596186,
  "raw_cancellation_factor": 280.5689664192196,
  "requires_new_nextnano_solve": true,
  "selected_electron_states": [
    1,
    2
  ],
  "selected_heavy_hole_states": [
    1,
    2
  ],
  "solver_case_id": "Solve_13",
  "solver_pass": true,
  "spectral_match_flag": "SPECTRAL_MISMATCH",
  "spin_degeneracy": 2,
  "states_per_band": 2,
  "target_wavelength_nm": 1550.0,
  "transition_e1_hh1_eV": 1.4892900319499998,
  "transition_e1_hh2_eV": 1.522704463434,
  "transition_e2_hh1_eV": 1.588489489921,
  "transition_e2_hh2_eV": 1.6219039214050002,
  "tunneling_barrier_nm": 1.8921,
  "well1_nm": 7.068565,
  "well2_nm": 2.939511,
  "wells_per_period_for_Nz": 2,
  "z_e11_nm": 63.63617936003411,
  "z_e12_nm": 0.962533472445882,
  "z_e21_nm": 0.962533472445882,
  "z_e22_nm": 69.9859116627238,
  "z_hh11_nm": 63.41965033824834,
  "z_hh12_nm": 1.46624042116526,
  "z_hh21_nm": 1.46624042116526,
  "z_hh22_nm": 63.60412616638063
}

============================================================================
ANALYSIS: Combo_14
============================================================================
{
  "O11": 0.9812414021612772,
  "O12": 0.05199093598587955,
  "O21": -0.08211760122906572,
  "O22": 0.894389161704527,
  "absolute_error_pm_per_V": 614.6788473129852,
  "bound_state_pass": true,
  "broadening_meV": 5.0,
  "cancellation_factor": 8.103110804947454,
  "cb_offset_scale": 1.0,
  "chi2_1550_pm_per_V": 1725.3211526870148,
  "chi_e_abs": 6128.103958651447,
  "chi_e_imag": -3619.900118745115,
  "chi_e_raw_abs": 6128.103958651447,
  "chi_e_raw_imag": -3619.900118745115,
  "chi_e_raw_real": 4944.69223090261,
  "chi_e_real": 4944.69223090261,
  "chi_hh_raw_abs": 6061.406730451366,
  "chi_hh_raw_imag": 3623.0115356261135,
  "chi_hh_raw_real": -4859.469000279889,
  "chi_hh_weighted_abs": 7852.3645156911,
  "chi_hh_weighted_imag": 4693.4991310460255,
  "chi_hh_weighted_real": -6295.2914463235875,
  "chi_total_abs": 1725.3211526870148,
  "chi_total_after_weight_abs": 1725.3211526870148,
  "chi_total_after_weight_imag": 1073.5990123009105,
  "chi_total_after_weight_real": -1350.599215420977,
  "chi_total_imag": 1073.5990123009105,
  "chi_total_raw_unweighted_abs": 85.28000910401536,
  "chi_total_raw_unweighted_imag": 3.111416880998604,
  "chi_total_raw_unweighted_real": 85.22323062272153,
  "chi_total_real": -1350.599215420977,
  "combo_id": "Combo_14",
  "delta_z_e_nm": 5.965205798108357,
  "delta_z_hh_nm": 4.139810297466383,
  "design_role": "maximin_latin_hypercube",
  "electron_mass_scale": 1.0,
  "electron_orthonormality_error": 8.881784197001252e-16,
  "electrostatic_field_kV_per_cm": 3.777444,
  "hh_mass_scale": 1.0,
  "hh_offset_scale": 1.0,
  "hh_orthonormality_error": 4.746203430272544e-15,
  "hh_relative_weight": 1.295469,
  "kmax_fraction_2pi_over_a": 0.175,
  "orthonormality_pass": true,
  "paper_target_pm_per_V": 2340.0,
  "peak_chi2_pm_per_V": 2272.1405478257675,
  "peak_wavelength_nm": 1663.0,
  "percent_error": 26.26832680824723,
  "period_barrier_nm": 18.318246000000002,
  "physical_valid": true,
  "r_e_hh_nm": 0.909992,
  "ratio_to_demo18b": 20.319517693650013,
  "ratio_to_paper": 0.7373167319175277,
  "raw_cancellation_factor": 142.9351476057579,
  "requires_new_nextnano_solve": true,
  "selected_electron_states": [
    1,
    2
  ],
  "selected_heavy_hole_states": [
    1,
    2
  ],
  "solver_case_id": "Solve_14",
  "solver_pass": true,
  "spectral_match_flag": "AMPLITUDE_MATCH_BUT_SPECTRAL_MISMATCH",
  "spin_degeneracy": 2,
  "states_per_band": 2,
  "target_wavelength_nm": 1550.0,
  "transition_e1_hh1_eV": 1.489565020973,
  "transition_e1_hh2_eV": 1.5221967332480002,
  "transition_e2_hh1_eV": 1.598552858637,
  "transition_e2_hh2_eV": 1.631184570912,
  "tunneling_barrier_nm": 1.726138,
  "well1_nm": 7.049757,
  "well2_nm": 2.905859,
  "wells_per_period_for_Nz": 1,
  "z_e11_nm": 63.58031899737635,
  "z_e12_nm": 1.0781727739218478,
  "z_e21_nm": 1.0781727739218478,
  "z_e22_nm": 69.54552479548471,
  "z_hh11_nm": 63.57702952771204,
  "z_hh12_nm": 0.9521753140307379,
  "z_hh21_nm": 0.9521753140307379,
  "z_hh22_nm": 67.71683982517843
}

============================================================================
ANALYSIS: Combo_15
============================================================================
{
  "O11": 0.9760507047451014,
  "O12": 0.09420364751726162,
  "O21": -0.12118892600611983,
  "O22": 0.2588301503348255,
  "absolute_error_pm_per_V": 2282.847801042713,
  "bound_state_pass": true,
  "broadening_meV": 5.0,
  "cancellation_factor": 92.14886067834784,
  "cb_offset_scale": 1.0,
  "chi2_1550_pm_per_V": 57.15219895728697,
  "chi_e_abs": 2660.735035338558,
  "chi_e_imag": -2294.2933933323716,
  "chi_e_raw_abs": 2660.735035338558,
  "chi_e_raw_imag": -2294.2933933323716,
  "chi_e_raw_real": 1347.4897972116564,
  "chi_e_real": 1347.4897972116564,
  "chi_hh_raw_abs": 2650.3889815643684,
  "chi_hh_raw_imag": 2293.323128362424,
  "chi_hh_raw_real": -1328.6198788652052,
  "chi_hh_weighted_abs": 2605.7749838376953,
  "chi_hh_weighted_imag": 2254.7196201426996,
  "chi_hh_weighted_real": -1306.2552204442673,
  "chi_total_abs": 57.15219895728697,
  "chi_total_after_weight_abs": 57.15219895728697,
  "chi_total_after_weight_imag": -39.57377318967201,
  "chi_total_after_weight_real": 41.23457676738917,
  "chi_total_imag": -39.57377318967201,
  "chi_total_raw_unweighted_abs": 18.894846718447923,
  "chi_total_raw_unweighted_imag": -0.9702649699474932,
  "chi_total_raw_unweighted_real": 18.869918346451186,
  "chi_total_real": 41.23457676738917,
  "combo_id": "Combo_15",
  "delta_z_e_nm": 6.114539694598591,
  "delta_z_hh_nm": 0.2972506517152027,
  "design_role": "maximin_latin_hypercube",
  "electron_mass_scale": 1.0,
  "electron_orthonormality_error": 2.220446049250313e-16,
  "electrostatic_field_kV_per_cm": -16.996749,
  "hh_mass_scale": 1.0,
  "hh_offset_scale": 1.0,
  "hh_orthonormality_error": 3.913536161803677e-15,
  "hh_relative_weight": 0.983167,
  "kmax_fraction_2pi_over_a": 0.15,
  "orthonormality_pass": true,
  "paper_target_pm_per_V": 2340.0,
  "peak_chi2_pm_per_V": 80.74033439845385,
  "peak_wavelength_nm": 1665.0,
  "percent_error": 97.55759833515867,
  "period_barrier_nm": 18.203443999999998,
  "physical_valid": true,
  "r_e_hh_nm": 0.735996,
  "ratio_to_demo18b": 0.673095044441426,
  "ratio_to_paper": 0.024424016648413236,
  "raw_cancellation_factor": 281.08849444740014,
  "requires_new_nextnano_solve": true,
  "selected_electron_states": [
    1,
    2
  ],
  "selected_heavy_hole_states": [
    1,
    2
  ],
  "solver_case_id": "Solve_15",
  "solver_pass": true,
  "spectral_match_flag": "SPECTRAL_MISMATCH",
  "spin_degeneracy": 1,
  "states_per_band": 2,
  "target_wavelength_nm": 1550.0,
  "transition_e1_hh1_eV": 1.4879980460479998,
  "transition_e1_hh2_eV": 1.5210183445589998,
  "transition_e2_hh1_eV": 1.5880661694649998,
  "transition_e2_hh2_eV": 1.6210864679759998,
  "tunneling_barrier_nm": 1.807262,
  "well1_nm": 7.147311,
  "well2_nm": 2.841983,
  "wells_per_period_for_Nz": 2,
  "z_e11_nm": 63.716755363738656,
  "z_e12_nm": 1.0544312121287494,
  "z_e21_nm": 1.0544312121287494,
  "z_e22_nm": 69.83129505833725,
  "z_hh11_nm": 63.347852140587364,
  "z_hh12_nm": 1.474082825616037,
  "z_hh21_nm": 1.4740828256160379,
  "z_hh22_nm": 63.645102792302566
}

============================================================================
ANALYSIS: Combo_16
============================================================================
{
  "O11": 0.9816465917796985,
  "O12": 0.020461928073581215,
  "O21": -0.08551048643041244,
  "O22": 0.45081628193777923,
  "absolute_error_pm_per_V": 75.54304675265894,
  "bound_state_pass": true,
  "broadening_meV": 5.0,
  "cancellation_factor": 3.941048489918598,
  "cb_offset_scale": 1.0,
  "chi2_1550_pm_per_V": 2264.456953247341,
  "chi_e_abs": 5594.043851176905,
  "chi_e_imag": -4772.367365883146,
  "chi_e_raw_abs": 5594.043851176905,
  "chi_e_raw_imag": -4772.367365883146,
  "chi_e_raw_real": 2918.533250443399,
  "chi_e_real": 2918.533250443399,
  "chi_hh_raw_abs": 5550.484674840328,
  "chi_hh_raw_imag": 4772.678411757451,
  "chi_hh_raw_real": -2833.6232818745902,
  "chi_hh_weighted_abs": 3330.290804904197,
  "chi_hh_weighted_imag": 2863.6070470544705,
  "chi_hh_weighted_real": -1700.1739691247542,
  "chi_total_abs": 2264.456953247341,
  "chi_total_after_weight_abs": 2264.456953247341,
  "chi_total_after_weight_imag": -1908.7603188286753,
  "chi_total_after_weight_real": 1218.359281318645,
  "chi_total_imag": -1908.7603188286753,
  "chi_total_raw_unweighted_abs": 84.91053828525659,
  "chi_total_raw_unweighted_imag": 0.3110458743049094,
  "chi_total_raw_unweighted_real": 84.90996856880884,
  "chi_total_real": 1218.359281318645,
  "combo_id": "Combo_16",
  "delta_z_e_nm": 6.12521552407253,
  "delta_z_hh_nm": 0.319391472091894,
  "design_role": "hh_low_weight_diagnostic",
  "electron_mass_scale": 1.0,
  "electron_orthonormality_error": 2.0011770018868447e-14,
  "electrostatic_field_kV_per_cm": 0.0,
  "hh_mass_scale": 1.0,
  "hh_offset_scale": 1.0,
  "hh_orthonormality_error": 1.0766387781302456e-13,
  "hh_relative_weight": 0.6,
  "kmax_fraction_2pi_over_a": 0.1,
  "orthonormality_pass": true,
  "paper_target_pm_per_V": 2340.0,
  "peak_chi2_pm_per_V": 3371.9695106210256,
  "peak_wavelength_nm": 1663.0,
  "percent_error": 3.228335331310211,
  "period_barrier_nm": 18.2,
  "physical_valid": true,
  "r_e_hh_nm": 0.751,
  "ratio_to_demo18b": 26.6690482849283,
  "ratio_to_paper": 0.9677166466868979,
  "raw_cancellation_factor": 131.25023997112393,
  "requires_new_nextnano_solve": false,
  "selected_electron_states": [
    1,
    2
  ],
  "selected_heavy_hole_states": [
    1,
    2
  ],
  "solver_case_id": "Solve_00",
  "solver_pass": true,
  "spectral_match_flag": "AMPLITUDE_MATCH_BUT_SPECTRAL_MISMATCH",
  "spin_degeneracy": 2,
  "states_per_band": 2,
  "target_wavelength_nm": 1550.0,
  "transition_e1_hh1_eV": 1.4890044887679998,
  "transition_e1_hh2_eV": 1.5220478880709998,
  "transition_e2_hh1_eV": 1.5964786648559999,
  "transition_e2_hh2_eV": 1.6295220641589998,
  "tunneling_barrier_nm": 1.8,
  "well1_nm": 7.1,
  "well2_nm": 2.9,
  "wells_per_period_for_Nz": 2,
  "z_e11_nm": 63.61108467764518,
  "z_e12_nm": 1.0299145818605986,
  "z_e21_nm": 1.0299145818605986,
  "z_e22_nm": 69.73630020171771,
  "z_hh11_nm": 63.55102288391265,
  "z_hh12_nm": 1.4510322677788023,
  "z_hh21_nm": 1.451032267778806,
  "z_hh22_nm": 63.870414356004545
}

============================================================================
ANALYSIS: Combo_17
============================================================================
{
  "O11": 0.9816465917796985,
  "O12": 0.020461928073581215,
  "O21": -0.08551048643041244,
  "O22": 0.45081628193777923,
  "absolute_error_pm_per_V": 161.65752322608841,
  "bound_state_pass": true,
  "broadening_meV": 5.0,
  "cancellation_factor": 6.13527144535431,
  "cb_offset_scale": 1.0,
  "chi2_1550_pm_per_V": 2178.3424767739116,
  "chi_e_abs": 5594.043851176905,
  "chi_e_imag": -4772.367365883146,
  "chi_e_raw_abs": 5594.043851176905,
  "chi_e_raw_imag": -4772.367365883146,
  "chi_e_raw_real": 2918.533250443399,
  "chi_e_real": 2918.533250443399,
  "chi_hh_raw_abs": 5550.484674840328,
  "chi_hh_raw_imag": 4772.678411757451,
  "chi_hh_raw_real": -2833.6232818745902,
  "chi_hh_weighted_abs": 7770.678544776459,
  "chi_hh_weighted_imag": 6681.74977646043,
  "chi_hh_weighted_real": -3967.072594624426,
  "chi_total_abs": 2178.3424767739116,
  "chi_total_after_weight_abs": 2178.3424767739116,
  "chi_total_after_weight_imag": 1909.3824105772846,
  "chi_total_after_weight_real": -1048.539344181027,
  "chi_total_imag": 1909.3824105772846,
  "chi_total_raw_unweighted_abs": 84.91053828525659,
  "chi_total_raw_unweighted_imag": 0.3110458743049094,
  "chi_total_raw_unweighted_real": 84.90996856880884,
  "chi_total_real": -1048.539344181027,
  "combo_id": "Combo_17",
  "delta_z_e_nm": 6.12521552407253,
  "delta_z_hh_nm": 0.319391472091894,
  "design_role": "hh_high_weight_diagnostic",
  "electron_mass_scale": 1.0,
  "electron_orthonormality_error": 2.0011770018868447e-14,
  "electrostatic_field_kV_per_cm": 0.0,
  "hh_mass_scale": 1.0,
  "hh_offset_scale": 1.0,
  "hh_orthonormality_error": 1.0766387781302456e-13,
  "hh_relative_weight": 1.4,
  "kmax_fraction_2pi_over_a": 0.1,
  "orthonormality_pass": true,
  "paper_target_pm_per_V": 2340.0,
  "peak_chi2_pm_per_V": 3299.8848546674108,
  "peak_wavelength_nm": 1663.0,
  "percent_error": 6.908441163508052,
  "period_barrier_nm": 18.2,
  "physical_valid": true,
  "r_e_hh_nm": 0.751,
  "ratio_to_demo18b": 25.654857607641286,
  "ratio_to_paper": 0.9309155883649195,
  "raw_cancellation_factor": 131.25023997112393,
  "requires_new_nextnano_solve": false,
  "selected_electron_states": [
    1,
    2
  ],
  "selected_heavy_hole_states": [
    1,
    2
  ],
  "solver_case_id": "Solve_00",
  "solver_pass": true,
  "spectral_match_flag": "AMPLITUDE_MATCH_BUT_SPECTRAL_MISMATCH",
  "spin_degeneracy": 2,
  "states_per_band": 2,
  "target_wavelength_nm": 1550.0,
  "transition_e1_hh1_eV": 1.4890044887679998,
  "transition_e1_hh2_eV": 1.5220478880709998,
  "transition_e2_hh1_eV": 1.5964786648559999,
  "transition_e2_hh2_eV": 1.6295220641589998,
  "tunneling_barrier_nm": 1.8,
  "well1_nm": 7.1,
  "well2_nm": 2.9,
  "wells_per_period_for_Nz": 2,
  "z_e11_nm": 63.61108467764518,
  "z_e12_nm": 1.0299145818605986,
  "z_e21_nm": 1.0299145818605986,
  "z_e22_nm": 69.73630020171771,
  "z_hh11_nm": 63.55102288391265,
  "z_hh12_nm": 1.4510322677788023,
  "z_hh21_nm": 1.451032267778806,
  "z_hh22_nm": 63.870414356004545
}

============================================================================
ANALYSIS: Combo_18
============================================================================
{
  "O11": 0.9776534870548291,
  "O12": 0.051943127554215276,
  "O21": -0.031470185843504125,
  "O22": 0.9187683911099171,
  "absolute_error_pm_per_V": 1523.3350235159542,
  "bound_state_pass": true,
  "broadening_meV": 5.0,
  "cancellation_factor": 7.211938063664154,
  "cb_offset_scale": 1.0,
  "chi2_1550_pm_per_V": 3863.335023515954,
  "chi_e_abs": 15862.686687452775,
  "chi_e_imag": -8828.617641027933,
  "chi_e_raw_abs": 15862.686687452775,
  "chi_e_raw_imag": -8828.617641027933,
  "chi_e_raw_real": 13178.783687913761,
  "chi_e_real": 13178.783687913761,
  "chi_hh_raw_abs": 15999.261628438377,
  "chi_hh_raw_imag": 8878.571619185672,
  "chi_hh_raw_real": -13309.670869642545,
  "chi_hh_weighted_abs": 11999.446221328782,
  "chi_hh_weighted_imag": 6658.928714389254,
  "chi_hh_weighted_real": -9982.253152231908,
  "chi_total_abs": 3863.335023515954,
  "chi_total_after_weight_abs": 3863.335023515954,
  "chi_total_after_weight_imag": -2169.688926638679,
  "chi_total_after_weight_real": 3196.5305356818535,
  "chi_total_imag": -2169.688926638679,
  "chi_total_raw_unweighted_abs": 140.0958752950545,
  "chi_total_raw_unweighted_imag": 49.953978157738675,
  "chi_total_raw_unweighted_real": -130.88718172878362,
  "chi_total_real": 3196.5305356818535,
  "combo_id": "Combo_18",
  "delta_z_e_nm": 5.919069749632044,
  "delta_z_hh_nm": 6.512729975041744,
  "design_role": "combined_high_side_bounded",
  "electron_mass_scale": 1.0,
  "electron_orthonormality_error": 2.2620794126737565e-14,
  "electrostatic_field_kV_per_cm": 20.0,
  "hh_mass_scale": 1.0,
  "hh_offset_scale": 1.0,
  "hh_orthonormality_error": 6.8833827526759706e-15,
  "hh_relative_weight": 0.75,
  "kmax_fraction_2pi_over_a": 0.2,
  "orthonormality_pass": true,
  "paper_target_pm_per_V": 2340.0,
  "peak_chi2_pm_per_V": 5068.723558334086,
  "peak_wavelength_nm": 1524.0,
  "percent_error": 65.09978732974163,
  "period_barrier_nm": 18.1,
  "physical_valid": true,
  "r_e_hh_nm": 1.0,
  "ratio_to_demo18b": 45.499415714328094,
  "ratio_to_paper": 1.6509978732974162,
  "raw_cancellation_factor": 227.42959597337915,
  "requires_new_nextnano_solve": true,
  "selected_electron_states": [
    1,
    2
  ],
  "selected_heavy_hole_states": [
    1,
    2
  ],
  "solver_case_id": "Solve_16",
  "solver_pass": true,
  "spectral_match_flag": "SPECTRAL_MATCH",
  "spin_degeneracy": 2,
  "states_per_band": 2,
  "target_wavelength_nm": 1550.0,
  "transition_e1_hh1_eV": 1.487295425566,
  "transition_e1_hh2_eV": 1.507820282581,
  "transition_e2_hh1_eV": 1.602256500735,
  "transition_e2_hh2_eV": 1.62278135775,
  "tunneling_barrier_nm": 1.7,
  "well1_nm": 7.2,
  "well2_nm": 3.0,
  "wells_per_period_for_Nz": 2,
  "z_e11_nm": 63.57562671369023,
  "z_e12_nm": 1.118611245900592,
  "z_e21_nm": 1.118611245900592,
  "z_e22_nm": 69.49469646332227,
  "z_hh11_nm": 63.876602921058414,
  "z_hh12_nm": 0.20931577974299542,
  "z_hh21_nm": 0.20931577974299542,
  "z_hh22_nm": 70.38933289610016
}

============================================================================
ANALYSIS: Combo_19
============================================================================
{
  "O11": 0.9816465917796985,
  "O12": 0.020461928073581215,
  "O21": -0.08551048643041244,
  "O22": 0.45081628193777923,
  "absolute_error_pm_per_V": 2316.092884537722,
  "bound_state_pass": true,
  "broadening_meV": 5.0,
  "cancellation_factor": 125.51259405485078,
  "cb_offset_scale": 1.0,
  "chi2_1550_pm_per_V": 23.907115462277748,
  "chi_e_abs": 1507.5331379440265,
  "chi_e_imag": -1193.9993489529286,
  "chi_e_raw_abs": 1507.5331379440265,
  "chi_e_raw_imag": -1193.9993489529286,
  "chi_e_raw_real": 920.3378274847482,
  "chi_e_real": 920.3378274847482,
  "chi_hh_raw_abs": 1493.1109400952869,
  "chi_hh_raw_imag": 1194.0653644435922,
  "chi_hh_raw_real": -896.4308031679983,
  "chi_hh_weighted_abs": 1493.1109400952869,
  "chi_hh_weighted_imag": 1194.0653644435922,
  "chi_hh_weighted_real": -896.4308031679983,
  "chi_total_abs": 23.907115462277748,
  "chi_total_after_weight_abs": 23.907115462277748,
  "chi_total_after_weight_imag": 0.06601549066363077,
  "chi_total_after_weight_real": 23.907024316749926,
  "chi_total_imag": 0.06601549066363077,
  "chi_total_raw_unweighted_abs": 23.907115462277748,
  "chi_total_raw_unweighted_imag": 0.06601549066363077,
  "chi_total_raw_unweighted_real": 23.907024316749926,
  "chi_total_real": 23.907024316749926,
  "combo_id": "Combo_19",
  "delta_z_e_nm": 6.12521552407253,
  "delta_z_hh_nm": 0.319391472091894,
  "design_role": "convention_cross_check",
  "electron_mass_scale": 1.0,
  "electron_orthonormality_error": 2.0011770018868447e-14,
  "electrostatic_field_kV_per_cm": 0.0,
  "hh_mass_scale": 1.0,
  "hh_offset_scale": 1.0,
  "hh_orthonormality_error": 1.0766387781302456e-13,
  "hh_relative_weight": 1.0,
  "kmax_fraction_2pi_over_a": 0.2,
  "orthonormality_pass": true,
  "paper_target_pm_per_V": 2340.0,
  "peak_chi2_pm_per_V": 39.08623633388786,
  "peak_wavelength_nm": 1520.0,
  "percent_error": 98.97832839904795,
  "period_barrier_nm": 18.2,
  "physical_valid": true,
  "r_e_hh_nm": 0.751,
  "ratio_to_demo18b": 0.2815597866422325,
  "ratio_to_paper": 0.010216716009520404,
  "raw_cancellation_factor": 125.51259405485078,
  "requires_new_nextnano_solve": false,
  "selected_electron_states": [
    1,
    2
  ],
  "selected_heavy_hole_states": [
    1,
    2
  ],
  "solver_case_id": "Solve_00",
  "solver_pass": true,
  "spectral_match_flag": "SPECTRAL_MATCH",
  "spin_degeneracy": 1,
  "states_per_band": 2,
  "target_wavelength_nm": 1550.0,
  "transition_e1_hh1_eV": 1.4890044887679998,
  "transition_e1_hh2_eV": 1.5220478880709998,
  "transition_e2_hh1_eV": 1.5964786648559999,
  "transition_e2_hh2_eV": 1.6295220641589998,
  "tunneling_barrier_nm": 1.8,
  "well1_nm": 7.1,
  "well2_nm": 2.9,
  "wells_per_period_for_Nz": 1,
  "z_e11_nm": 63.61108467764518,
  "z_e12_nm": 1.0299145818605986,
  "z_e21_nm": 1.0299145818605986,
  "z_e22_nm": 69.73630020171771,
  "z_hh11_nm": 63.55102288391265,
  "z_hh12_nm": 1.4510322677788023,
  "z_hh21_nm": 1.451032267778806,
  "z_hh22_nm": 63.870414356004545
}
